Copyright 1986-2019 Xilinx, Inc. All Rights Reserved.
----------------------------------------------------------------------------------------------
| Tool Version : Vivado v.2019.1 (win64) Build 2552052 Fri May 24 14:49:42 MDT 2019
| Date         : Thu Jul 11 16:54:20 2019
| Host         : yoon-acer running 64-bit major release  (build 9200)
| Command      : report_control_sets -verbose -file OSC1_LITE_Control_control_sets_placed.rpt
| Design       : OSC1_LITE_Control
| Device       : xc7a15t
----------------------------------------------------------------------------------------------

Control Set Information

Table of Contents
-----------------
1. Summary
2. Histogram
3. Flip-Flop Distribution
4. Detailed Control Set Information

1. Summary
----------

+----------------------------------------------------------+-------+
|                          Status                          | Count |
+----------------------------------------------------------+-------+
| Total control sets                                       |    95 |
|    Minimum number of control sets                        |    95 |
|    Addition due to synthesis replication                 |     0 |
|    Addition due to physical synthesis replication        |     0 |
| Unused register locations in slices containing registers |   264 |
+----------------------------------------------------------+-------+
* Control sets can be merged at opt_design using control_set_merge or merge_equivalent_drivers
** Run report_qor_suggestions for automated merging and remapping suggestions


2. Histogram
------------

+--------------------+-------+
|       Fanout       | Count |
+--------------------+-------+
| Total control sets |    95 |
| >= 0 to < 4        |    11 |
| >= 4 to < 6        |     7 |
| >= 6 to < 8        |     5 |
| >= 8 to < 10       |    19 |
| >= 10 to < 12      |     2 |
| >= 12 to < 14      |     6 |
| >= 14 to < 16      |     0 |
| >= 16              |    45 |
+--------------------+-------+
* Control sets can be remapped at either synth_design or opt_design


3. Flip-Flop Distribution
-------------------------

+--------------+-----------------------+------------------------+-----------------+--------------+
| Clock Enable | Synchronous Set/Reset | Asynchronous Set/Reset | Total Registers | Total Slices |
+--------------+-----------------------+------------------------+-----------------+--------------+
| No           | No                    | No                     |             186 |           86 |
| No           | No                    | Yes                    |              35 |           16 |
| No           | Yes                   | No                     |             422 |          111 |
| Yes          | No                    | No                     |             734 |          257 |
| Yes          | No                    | Yes                    |             144 |           34 |
| Yes          | Yes                   | No                     |             407 |          129 |
+--------------+-----------------------+------------------------+-----------------+--------------+


4. Detailed Control Set Information
-----------------------------------

+--------------------------+------------------------------------------------------------------------------------------------------------+---------------------------------------------------------------------------------+------------------+----------------+
|       Clock Signal       |                                                Enable Signal                                               |                                 Set/Reset Signal                                | Slice Load Count | Bel Load Count |
+--------------------------+------------------------------------------------------------------------------------------------------------+---------------------------------------------------------------------------------+------------------+----------------+
|  okHI/ti_clk             |                                                                                                            | okHI/core0/core0/a0/cb0/U0/inst_fifo_gen/gconvfifo.rf/grf.rf/rstblk/rst_rd_reg2 |                1 |              1 |
|  okHI/ti_clk             |                                                                                                            | okHI/core0/core0/a0/cb0/U0/ngwrdrst.grst.g7serrst.wr_rst_reg[2]_i_1_n_0         |                1 |              1 |
|  okHI/ti_clk             |                                                                                                            | okHI/core0/core0/a0/cb0/U0/inst_fifo_gen/gconvfifo.rf/grf.rf/rstblk/rst_wr_reg2 |                1 |              1 |
|  okHI/ti_clk             | wi02/ep_datahold[15]_i_1_n_0                                                                               | okHI/core0/core0/lfc9af733ef9b7e7ec2ccb35c062a12d3[25]                          |                1 |              1 |
|  okHI/ti_clk             |                                                                                                            | okHI/core0/core0/a0/cb0/U0/inst_fifo_gen/gconvfifo.rf/grf.rf/rstblk/rst_d2      |                1 |              2 |
|  okHI/ti_clk             |                                                                                                            | okHI/core0/core0/a0/cb0/U0/ngwrdrst.grst.g7serrst.rd_rst_reg[2]_i_1_n_0         |                1 |              2 |
|  okHI/ti_clk             |                                                                                                            | okHI/core0/core0/a0/cb0/U0/RD_RST                                               |                1 |              2 |
|  okHI/ti_clk             | okHI/core0/core0/a0/pc0/CE                                                                                 | okHI/core0/core0/a0/pc0/R                                                       |                1 |              2 |
|  okHI/ti_clk             |                                                                                                            | okHI/core0/core0/a0/lc12c7095b9bc056c60880aeb6055afb1                           |                2 |              3 |
|  okHI/ti_clk             | wi17/ep_datahold[15]_i_1_n_0                                                                               | okHI/core0/core0/lfc9af733ef9b7e7ec2ccb35c062a12d3[25]                          |                1 |              3 |
|  okHI/ti_clk             | wi01/ep_datahold[15]_i_1_n_0                                                                               | okHI/core0/core0/lfc9af733ef9b7e7ec2ccb35c062a12d3[25]                          |                2 |              3 |
|  okHI/ti_clk             | okHI/core0/core0/leeb76b405f165a9b4ab0606f3ea0b3c4[7]_i_2_n_0                                              | okHI/core0/core0/leeb76b405f165a9b4ab0606f3ea0b3c4[7]_i_1_n_0                   |                1 |              4 |
|  okHI/ti_clk             |                                                                                                            | okHI/core0/core0/ld307737e57d50d07f937891de086bf8e_i_1_n_0                      |                2 |              4 |
|  okHI/ti_clk             | okHI/core0/core0/FSM_sequential_l8ff940a6bfc33211f22a7ff95e39fe60[3]_i_1_n_0                               |                                                                                 |                2 |              4 |
|  okHI/ti_clk             | okHI/core0/core0/l885bbeb94996347da66a8546671e4990[19]_i_1_n_0                                             |                                                                                 |                1 |              4 |
|  okHI/ti_clk             | okHI/core0/core0/a0/l90ce46b343647bab4d280b5afc506219                                                      | okHI/core0/core0/a0/lc12c7095b9bc056c60880aeb6055afb1                           |                1 |              4 |
|  okHI/ti_clk             | okHI/core0/core0/leeb76b405f165a9b4ab0606f3ea0b3c4[3]_i_1_n_0                                              |                                                                                 |                2 |              4 |
|  okHI/ti_clk             | okHI/core0/core0/FSM_sequential_l6d7b501652de6ba8ba55082874707b2a[4]_i_1_n_0                               | okHI/core0/core0/lab4325c385c0fcaa4cd26acd21308822                              |                3 |              5 |
|  okHI/ti_clk             |                                                                                                            | okHI/core0/core0/a0/pc0/R                                                       |                3 |              6 |
|  okHI/ti_clk             | okHI/core0/core0/a0/d0/lfd4ae1d2a2f83cc540ba2af5c1891381                                                   | okHI/core0/core0/lab4325c385c0fcaa4cd26acd21308822                              |                2 |              6 |
|  okHI/ti_clk             | okHI/core0/core0/l92ae5a5037b0cc87c9562f3e505d14cf[6]_i_1_n_0                                              |                                                                                 |                2 |              7 |
|  okHI/ti_clk             |                                                                                                            | okHI/core0/core0/a0/l62a5479e7989ce7f4d5507c695cc69cf                           |                2 |              7 |
|  clk_IBUF_BUFG           |                                                                                                            | wi00/ep_dataout[0]                                                              |                2 |              7 |
|  okHI/ti_clk             |                                                                                                            | okHI/core0/core0/a0/l770e51175fa898662b06f9e3b71c7bff[7]                        |                3 |              8 |
| ~clk_pulse_BUFG          | calc[9]/counter1_reg[7]_i_2__1_n_0                                                                         | calc[9]/counter1[7]_i_1__1_n_0                                                  |                2 |              8 |
|  okHI/ti_clk             | okHI/core0/core0/l9f43dc9d3787a4c1395542a254aee157[7]_i_1_n_0                                              |                                                                                 |                4 |              8 |
|  okHI/ti_clk             | okHI/core0/core0/lbe59f904be1e8440c2d6333521aaa29a[7]_i_1_n_0                                              |                                                                                 |                1 |              8 |
|  okHI/ti_clk             | okHI/core0/core0/l885bbeb94996347da66a8546671e4990[15]_i_1_n_0                                             |                                                                                 |                1 |              8 |
|  okHI/ti_clk             | okHI/core0/core0/l885bbeb94996347da66a8546671e4990[7]_i_1_n_0                                              |                                                                                 |                2 |              8 |
| ~clk_pulse_BUFG          | calc[2]/counter1_reg[7]_i_2__8_n_0                                                                         | calc[2]/counter1[7]_i_1__8_n_0                                                  |                2 |              8 |
| ~clk_pulse_BUFG          | calc[11]/counter1_reg[7]_i_2_n_0                                                                           | calc[11]/counter1[7]_i_1_n_0                                                    |                2 |              8 |
|  okHI/ti_clk             | okHI/core0/core0/a0/l37dbd1aafb403530c46407234a8f7286                                                      |                                                                                 |                1 |              8 |
| ~clk_pulse_BUFG          | calc[10]/counter1_reg[7]_i_2__0_n_0                                                                        | calc[10]/counter1[7]_i_1__0_n_0                                                 |                2 |              8 |
| ~clk_pulse_BUFG          | calc[1]/counter1_reg[7]_i_2__9_n_0                                                                         | calc[1]/counter1[7]_i_1__9_n_0                                                  |                2 |              8 |
| ~clk_pulse_BUFG          | calc[3]/counter1_reg[7]_i_2__7_n_0                                                                         | calc[3]/counter1[7]_i_1__7_n_0                                                  |                2 |              8 |
| ~clk_pulse_BUFG          | calc[4]/counter1_reg[7]_i_2__6_n_0                                                                         | calc[4]/counter1[7]_i_1__6_n_0                                                  |                3 |              8 |
| ~clk_pulse_BUFG          | calc[0]/counter1_reg[7]_i_2__10_n_0                                                                        | calc[0]/counter1[7]_i_1__10_n_0                                                 |                3 |              8 |
| ~clk_pulse_BUFG          | calc[5]/counter1_reg[7]_i_2__5_n_0                                                                         | calc[5]/counter1[7]_i_1__5_n_0                                                  |                3 |              8 |
| ~clk_pulse_BUFG          | calc[6]/counter1_reg[7]_i_2__4_n_0                                                                         | calc[6]/counter1[7]_i_1__4_n_0                                                  |                2 |              8 |
| ~clk_pulse_BUFG          | calc[7]/counter1_reg[7]_i_2__3_n_0                                                                         | calc[7]/counter1[7]_i_1__3_n_0                                                  |                2 |              8 |
| ~clk_pulse_BUFG          | calc[8]/counter1_reg[7]_i_2__2_n_0                                                                         | calc[8]/counter1[7]_i_1__2_n_0                                                  |                3 |              8 |
|  okHI/ti_clk             | wi06/ep_datahold[15]_i_1_n_0                                                                               | okHI/core0/core0/lfc9af733ef9b7e7ec2ccb35c062a12d3[25]                          |                4 |              9 |
|  okHI/ti_clk             | okHI/core0/core0/l18905be285ee66e0e6fb566993b0399b                                                         | okHI/core0/core0/lab4325c385c0fcaa4cd26acd21308822                              |                5 |             11 |
|  okHI/ti_clk             | okHI/core0/core0/le4c4532ac06490aa5cc2f8d669975cdc[10]_i_1_n_0                                             |                                                                                 |                3 |             11 |
|  okHI/ti_clk             | okHI/core0/core0/a0/cb0/U0/inst_fifo_gen/gconvfifo.rf/grf.rf/gntv_or_sync_fifo.gl0.wr/ram_wr_en_into_logic | okHI/core0/core0/a0/cb0/U0/wr_rst_reg                                           |                3 |             12 |
|  okHI/ti_clk             | okHI/core0/core0/a0/pc0/I3                                                                                 | okHI/core0/core0/a0/pc0/R                                                       |                3 |             12 |
|  okHI/ti_clk             | okHI/core0/core0/a0/cb0/U0/inst_fifo_gen/gconvfifo.rf/grf.rf/p_7_out                                       | okHI/core0/core0/a0/cb0/U0/inst_fifo_gen/gconvfifo.rf/grf.rf/rd_rst_i           |                3 |             12 |
|  okHI/ti_clk             |                                                                                                            | okHI/core0/core0/lab4325c385c0fcaa4cd26acd21308822                              |                7 |             13 |
|  okHI/ti_clk             | wi00/ep_datahold[15]_i_1_n_0                                                                               | okHI/core0/core0/lfc9af733ef9b7e7ec2ccb35c062a12d3[25]                          |                7 |             13 |
|  spi_pipe_clk_BUFG[0]    |                                                                                                            |                                                                                 |                5 |             13 |
|  okHI/ti_clk             | okHI/core0/core0/a0/pc0/spm_enable_flop_n_0                                                                |                                                                                 |                4 |             16 |
|  okHI/ti_clk             | okHI/core0/core0/lab8c81cec3709c0416d0acf79f37f087[15]_i_1_n_0                                             |                                                                                 |                5 |             16 |
|  spi_pipe_clk_BUFG[0]    | my_amp_pipe/next_complete_pulse_counter                                                                    | my_amp_pipe/complete_pulse_counter                                              |                3 |             16 |
|  okHI/ti_clk             | pi80/ep_dataout[15]_i_1_n_0                                                                                | okHI/core0/core0/lfc9af733ef9b7e7ec2ccb35c062a12d3[25]                          |                5 |             16 |
|  okHI/ti_clk             | okHI/core0/core0/a0/pc0/I3                                                                                 |                                                                                 |                2 |             16 |
|  okHI/ti_clk             | okHI/core0/core0/a0/pc0/WE                                                                                 |                                                                                 |                2 |             16 |
|  okHI/ti_clk             | my_amp_pipe/write_counter[0]_i_2_n_0                                                                       | my_amp_pipe/write_counter[0]_i_1_n_0                                            |                4 |             16 |
|  okHI/ti_clk             | wi04/ep_datahold[15]_i_1_n_0                                                                               | okHI/core0/core0/lfc9af733ef9b7e7ec2ccb35c062a12d3[25]                          |                6 |             16 |
|  okHI/ti_clk             | wi05/ep_datahold[15]_i_1_n_0                                                                               | okHI/core0/core0/lfc9af733ef9b7e7ec2ccb35c062a12d3[25]                          |                5 |             16 |
|  okHI/ti_clk             | wi15/ep_datahold[15]_i_1_n_0                                                                               | okHI/core0/core0/lfc9af733ef9b7e7ec2ccb35c062a12d3[25]                          |                5 |             16 |
|  okHI/ti_clk             | wi16/ep_datahold[15]_i_1_n_0                                                                               | okHI/core0/core0/lfc9af733ef9b7e7ec2ccb35c062a12d3[25]                          |                6 |             16 |
|  okHI/ti_clk             | wi03/ep_datahold[15]_i_1_n_0                                                                               | okHI/core0/core0/lfc9af733ef9b7e7ec2ccb35c062a12d3[25]                          |                5 |             16 |
|  spi_pipe_clk_BUFG[0]    |                                                                                                            | my_amp_pipe/read_counter[15]_i_1_n_0                                            |                3 |             16 |
|  okHI/ti_clk             | okHI/core0/core0/l4f8cd1ab062f5571ff66db47e3d281bf[19]_i_1_n_0                                             | okHI/core0/core0/a0/lc12c7095b9bc056c60880aeb6055afb1                           |                4 |             21 |
| ~clk_pulse_BUFG          |                                                                                                            |                                                                                 |               23 |             24 |
|  okHI/ti_clk             | okHI/core0/core0/l84a7b0e1b51dfdd46f041d49e77ce017[23]_i_1_n_0                                             |                                                                                 |               13 |             24 |
| ~clk_pulse_BUFG          |                                                                                                            | calc[11]/clear                                                                  |                7 |             27 |
| ~clk_pulse_BUFG          |                                                                                                            | calc[9]/clear                                                                   |                7 |             27 |
| ~clk_pulse_BUFG          |                                                                                                            | calc[10]/clear                                                                  |                7 |             27 |
| ~clk_pulse_BUFG          |                                                                                                            | calc[1]/clear                                                                   |                7 |             27 |
| ~clk_pulse_BUFG          |                                                                                                            | calc[2]/clear                                                                   |                7 |             27 |
| ~clk_pulse_BUFG          |                                                                                                            | calc[3]/clear                                                                   |                7 |             27 |
| ~clk_pulse_BUFG          |                                                                                                            | calc[0]/clear                                                                   |                7 |             27 |
| ~clk_pulse_BUFG          |                                                                                                            | calc[5]/clear                                                                   |                7 |             27 |
| ~clk_pulse_BUFG          |                                                                                                            | calc[6]/clear                                                                   |                7 |             27 |
| ~clk_pulse_BUFG          |                                                                                                            | calc[7]/clear                                                                   |                7 |             27 |
| ~clk_pulse_BUFG          |                                                                                                            | calc[8]/clear                                                                   |                7 |             27 |
| ~clk_pulse_BUFG          |                                                                                                            | calc[4]/clear                                                                   |                7 |             27 |
|  okHI/ti_clk             | okHI/core0/core0/l0c94b19b36beba84283b1c1a65aa73f3[0]_i_1_n_0                                              | okHI/core0/core0/a0/lc12c7095b9bc056c60880aeb6055afb1                           |                8 |             32 |
|  wi06/ep_dataout_BUFG[8] | calc[7]/ep_dataout_reg[5]                                                                                  |                                                                                 |               19 |             52 |
|  wi06/ep_dataout_BUFG[8] | calc[8]/ep_dataout_reg[7]                                                                                  |                                                                                 |               21 |             52 |
|  wi06/ep_dataout_BUFG[8] | calc[11]/ep_dataout_reg[7]                                                                                 |                                                                                 |               16 |             52 |
|  wi06/ep_dataout_BUFG[8] | calc[10]/ep_dataout_reg[7]                                                                                 |                                                                                 |               21 |             52 |
|  wi06/ep_dataout_BUFG[8] | calc[9]/ep_dataout_reg[7]                                                                                  |                                                                                 |               21 |             52 |
|  wi06/ep_dataout_BUFG[8] | calc[1]/ep_dataout_reg[6]                                                                                  |                                                                                 |               18 |             52 |
|  wi06/ep_dataout_BUFG[8] | calc[3]/ep_dataout_reg[6]                                                                                  |                                                                                 |               17 |             52 |
|  wi06/ep_dataout_BUFG[8] | calc[2]/ep_dataout_reg[6]                                                                                  |                                                                                 |               21 |             52 |
|  wi06/ep_dataout_BUFG[8] | calc[4]/ep_dataout_reg[4]                                                                                  |                                                                                 |               16 |             52 |
|  wi06/ep_dataout_BUFG[8] | calc[0]/ep_dataout_reg[6]                                                                                  |                                                                                 |               21 |             52 |
|  wi06/ep_dataout_BUFG[8] | calc[5]/ep_dataout_reg[4]                                                                                  |                                                                                 |               16 |             52 |
|  wi06/ep_dataout_BUFG[8] | calc[6]/ep_dataout_reg[5]                                                                                  |                                                                                 |               13 |             52 |
|  okHI/ti_clk             | okHI/core0/core0/a0/d0/le5e2e6110dd7478b8ed0143f21b04d30                                                   | okHI/core0/core0/lab4325c385c0fcaa4cd26acd21308822                              |               13 |             57 |
| ~clk_pulse_BUFG          |                                                                                                            | wi00/ep_dataout[0]                                                              |               13 |             60 |
|  okHI/ti_clk             | okHI/core0/core0/lfc9af733ef9b7e7ec2ccb35c062a12d3[28]                                                     | okHI/core0/core0/lfc9af733ef9b7e7ec2ccb35c062a12d3[25]                          |               34 |            120 |
|  okHI/ti_clk             |                                                                                                            |                                                                                 |               58 |            149 |
+--------------------------+------------------------------------------------------------------------------------------------------------+---------------------------------------------------------------------------------+------------------+----------------+


